Finished building: default.size.stdout
 

21:05:23 Build Finished. 0 errors, 0 warnings. (took 275ms)

21:05:24 **** Incremental Build of configuration Debug for project source_code ****
make -j12 all 
arm-none-eabi-size  source_code.elf 
   text	   data	    bss	    dec	    hex	filename
  37360	    504	   2744	  40608	   9ea0	source_code.elf
Finished building: default.size.stdout
 
21:05:38 **** Incremental Build of configuration Debug for project source_code ****
make -j12 all 
arm-none-eabi-size  source_code.elf 
   text	   data	    bss	    dec	    hex	filename
  37360	    504	   2744	  40608	   9ea0	source_code.elf
Finished building: default.size.stdout
 
21:05:48 **** Incremental Build of configuration Debug for project source_code ****
make -j12 all 
arm-none-eabi-size  source_code.elf 
   text	   data	    bss	    dec	    hex	filename
  37360	    504	   2744	  40608	   9ea0	source_code.elf
Finished building: default.size.stdout
 
21:07:03 **** Clean-only build of configuration Debug for project source_code ****
make -j12 clean 
rm -rf ./Startup/startup_stm32f446retx.d ./Startup/startup_stm32f446retx.o
rm -rf ./Src/bno08x.cyclo ./Src/bno08x.d ./Src/bno08x.o ./Src/bno08x.su ./Src/main.cyclo ./Src/main.d ./Src/main.o ./Src/main.su ./Src/syscalls.cyclo ./Src/syscalls.d ./Src/syscalls.o ./Src/syscalls.su ./Src/sysmem.cyclo ./Src/sysmem.d ./Src/sysmem.o ./Src/sysmem.su
rm -rf default.size.stdout source_code.elf source_code.list source_code.map
 
21:07:03 **** Incremental Build of configuration Debug for project source_code ****
make -j12 all 
arm-none-eabi-gcc -mcpu=cortex-m4 -g3 -DDEBUG -c -x assembler-with-cpp -MMD -MP -MF"Startup/startup_stm32f446retx.d" -MT"Startup/startup_stm32f446retx.o" --specs=nano.specs -mfpu=fpv4-sp-d16 -mfloat-abi=hard -mthumb -o "Startup/startup_stm32f446retx.o" "../Startup/startup_stm32f446retx.s"
arm-none-eabi-gcc "../Src/bno08x.c" -mcpu=cortex-m4 -std=gnu11 -g3 -DDEBUG -DSTM32 -DSTM32F4 -DSTM32F446RETx -c -I../Inc -O0 -ffunction-sections -fdata-sections -Wall -fstack-usage -fcyclomatic-complexity -MMD -MP -MF"Src/bno08x.d" -MT"Src/bno08x.o" --specs=nano.specs -mfpu=fpv4-sp-d16 -mfloat-abi=hard -mthumb -o "Src/bno08x.o"
arm-none-eabi-gcc "../Src/main.c" -mcpu=cortex-m4 -std=gnu11 -g3 -DDEBUG -DSTM32 -DSTM32F4 -DSTM32F446RETx -c -I../Inc -O0 -ffunction-sections -fdata-sections -Wall -fstack-usage -fcyclomatic-complexity -MMD -MP -MF"Src/main.d" -MT"Src/main.o" --specs=nano.specs -mfpu=fpv4-sp-d16 -mfloat-abi=hard -mthumb -o "Src/main.o"
arm-none-eabi-gcc "../Src/syscalls.c" -mcpu=cortex-m4 -std=gnu11 -g3 -DDEBUG -DSTM32 -DSTM32F4 -DSTM32F446RETx -c -I../Inc -O0 -ffunction-sections -fdata-sections -Wall -fstack-usage -fcyclomatic-complexity -MMD -MP -MF"Src/syscalls.d" -MT"Src/syscalls.o" --specs=nano.specs -mfpu=fpv4-sp-d16 -mfloat-abi=hard -mthumb -o "Src/syscalls.o"
arm-none-eabi-gcc "../Src/sysmem.c" -mcpu=cortex-m4 -std=gnu11 -g3 -DDEBUG -DSTM32 -DSTM32F4 -DSTM32F446RETx -c -I../Inc -O0 -ffunction-sections -fdata-sections -Wall -fstack-usage -fcyclomatic-complexity -MMD -MP -MF"Src/sysmem.d" -MT"Src/sysmem.o" --specs=nano.specs -mfpu=fpv4-sp-d16 -mfloat-abi=hard -mthumb -o "Src/sysmem.o"
arm-none-eabi-g++ -o "source_code.elf" @"objects.list"   -mcpu=cortex-m4 -T"D:\REASERCHING\robot\robot\auto_robot_code\nucleo_stm_auto\source_code\STM32F446RETX_FLASH.ld" --specs=nosys.specs -Wl,-Map="source_code.map" -Wl,--gc-sections -static --specs=nano.specs -mfpu=fpv4-sp-d16 -mfloat-abi=hard -mthumb -Wl,--start-group -lc -lm -lstdc++ -lsupc++ -Wl,--end-group
Finished building target: source_code.elf
 
arm-none-eabi-size  source_code.elf 
arm-none-eabi-objdump -h -S source_code.elf  > "source_code.list"
   text	   data	    bss	    dec	    hex	filename
  37360	    504	   2744	  40608	   9ea0	source_code.elf
Finished building: default.size.stdout
 
Finished building: source_code.list
 
21:10:13 **** Incremental Build of configuration Debug for project source_code ****
make -j12 all 
arm-none-eabi-size  source_code.elf 
   text	   data	    bss	    dec	    hex	filename
  37360	    504	   2744	  40608	   9ea0	source_code.elf
Finished building: default.size.stdout
 
21:10:19 **** Incremental Build of configuration Debug for project source_code ****
make -j12 all 
arm-none-eabi-size  source_code.elf 
   text	   data	    bss	    dec	    hex	filename
  37360	    504	   2744	  40608	   9ea0	source_code.elf
Finished building: default.size.stdout
 
21:11:15 **** Incremental Build of configuration Debug for project source_code ****
make -j12 all 
arm-none-eabi-size  source_code.elf 
   text	   data	    bss	    dec	    hex	filename
  37360	    504	   2744	  40608	   9ea0	source_code.elf
Finished building: default.size.stdout
 
21:11:25 **** Incremental Build of configuration Debug for project source_code ****
make -j12 all 
arm-none-eabi-size  source_code.elf 
   text	   data	    bss	    dec	    hex	filename
  37360	    504	   2744	  40608	   9ea0	source_code.elf
Finished building: default.size.stdout
 
21:11:49 **** Incremental Build of configuration Debug for project source_code ****
make -j12 all 
arm-none-eabi-size  source_code.elf 
   text	   data	    bss	    dec	    hex	filename
  37360	    504	   2744	  40608	   9ea0	source_code.elf
Finished building: default.size.stdout
 
21:11:50 **** Incremental Build of configuration Debug for project source_code ****
make -j12 all 
arm-none-eabi-size  source_code.elf 
   text	   data	    bss	    dec	    hex	filename
  37360	    504	   2744	  40608	   9ea0	source_code.elf
Finished building: default.size.stdout
 
21:11:54 **** Incremental Build of configuration Debug for project source_code ****
make -j12 all 
arm-none-eabi-size  source_code.elf 
   text	   data	    bss	    dec	    hex	filename
  37360	    504	   2744	  40608	   9ea0	source_code.elf
Finished building: default.size.stdout
 
21:11:59 **** Incremental Build of configuration Debug for project source_code ****
make -j12 all 
arm-none-eabi-size  source_code.elf 
   text	   data	    bss	    dec	    hex	filename
  37360	    504	   2744	  40608	   9ea0	source_code.elf
Finished building: default.size.stdout
 
21:12:11 **** Incremental Build of configuration Debug for project source_code ****
make -j12 all 
arm-none-eabi-size  source_code.elf 
   text	   data	    bss	    dec	    hex	filename
  37360	    504	   2744	  40608	   9ea0	source_code.elf
Finished building: default.size.stdout
 
21:15:16 **** Incremental Build of configuration Debug for project source_code ****
make -j12 all 
arm-none-eabi-size  source_code.elf 
   text	   data	    bss	    dec	    hex	filename
  37360	    504	   2744	  40608	   9ea0	source_code.elf
Finished building: default.size.stdout
 
