../Src/bno08x.c:54:13:bno_delay_ms	24	static
../Src/bno08x.c:61:6:bno_hw_init	16	static
../Src/bno08x.c:98:12:bm_i2c_wait	24	static
../Src/bno08x.c:106:13:bm_i2c_recover	16	static
../Src/bno08x.c:119:12:bm_i2c_write	24	static
../Src/bno08x.c:147:12:bm_i2c_read	24	static
../Src/bno08x.c:188:17:shtp_recv	16	static
../Src/bno08x.c:200:16:bno_report_len	16	static
../Src/bno08x.c:210:14:bno_wrap_rad	16	static
../Src/bno08x.c:216:13:bno_quat_to_euler	64	static
../Src/bno08x.c:241:16:rd_i16	16	static
../Src/bno08x.c:245:13:bno_parse_report	48	static
../Src/bno08x.c:310:9:bno_init	16	static
../Src/bno08x.c:328:6:bno_enable	40	static
../Src/bno08x.c:342:5:bno_update	32	static
../Src/bno08x.c:374:6:bno_estimator_config	16	static
../Src/bno08x.c:383:6:bno_zero_yaw	16	static
../Src/bno08x.c:393:6:bno_estimator_update	40	static
../Src/bno08x.c:431:10:bno_get_last_packet	16	static
../Src/bno08x.c:437:9:BNO_Init	8	static
../Src/bno08x.c:441:6:BNO_EnableReport	16	static
../Src/bno08x.c:445:5:BNO_Update	16	static
