../Src/main.c:143:17:micros	4	static
../Src/main.c:144:17:millis	4	static
../Src/main.c:146:14:f2s	48	static
../Src/main.c:157:13:serial_print	16	static
../Src/main.c:164:13:serial_receive	16	static
../Src/main.c:172:7:wrapAngle	16	static
../Src/main.c:178:7:signNonZero	16	static
../Src/main.c:184:7:clampAbs	16	static
../Src/main.c:190:7:slewToward	32	static
../Src/main.c:195:7:rpmToWheelMps	16	static
../Src/main.c:196:7:wheelMpsToRpm	16	static
../Src/main.c:199:13:hardware_init	4	static
../Src/main.c:245:6:EXTI0_IRQHandler	16	static
../Src/main.c:253:6:EXTI1_IRQHandler	16	static
../Src/main.c:261:6:EXTI2_IRQHandler	16	static
../Src/main.c:269:6:EXTI3_IRQHandler	16	static
../Src/main.c:279:6:setMotorSignedPwm	24	static
../Src/main.c:312:6:applyMotorPwm	24	static
../Src/main.c:319:6:captureIMUYawOffset	4	static
../Src/main.c:330:6:hardStopAll	16	static,ignoring_inline_asm
../Src/main.c:347:6:resetOdometry	16	static,ignoring_inline_asm
../Src/main.c:358:6:mecanumIK	64	static
../Src/main.c:380:7:updateWheelController	56	static
../Src/main.c:413:6:updateOdometry	56	static
../Src/main.c:441:7:applyHeadingControl	40	static
../Src/main.c:485:13:parseThreeFloats	32	static
../Src/main.c:493:13:parseFourFloats	32	static
../Src/main.c:502:13:parseTwoFloats	32	static
../Src/main.c:509:13:parseOneFloat	24	static
../Src/main.c:515:6:processCommand	168	static
../Src/main.c:604:5:main	272	static,ignoring_inline_asm
